// Jest Snapshot v1, https://goo.gl/fbAQLP

exports[`<Header /> should match snapshot when render default 1`] = `
<nav
  className="Header"
>
  <NavLink
    activeClassName="Header__navlink--active"
    ariaCurrent="true"
    className="Header__navlink"
    to="/news"
  >
    Top
  </NavLink>
  <NavLink
    activeClassName="Header__navlink--active"
    ariaCurrent="true"
    className="Header__navlink"
    to="/newest"
  >
    New
  </NavLink>
  <NavLink
    activeClassName="Header__navlink--active"
    ariaCurrent="true"
    className="Header__navlink"
    to="/show"
  >
    Show
  </NavLink>
  <NavLink
    activeClassName="Header__navlink--active"
    ariaCurrent="true"
    className="Header__navlink"
    to="/ask"
  >
    Ask
  </NavLink>
  <NavLink
    activeClassName="Header__navlink--active"
    ariaCurrent="true"
    className="Header__navlink"
    to="/jobs"
  >
    Jobs
  </NavLink>
  <img
    alt="HNPWA Logo"
    className="Header__logo"
    src="test-file-stub"
  />
</nav>
`;
