// Jest Snapshot v1, https://goo.gl/fbAQLP

exports[`<Pagination /> should match snapshot when render default 1`] = `
<div
  className="Pagination"
>
  <div
    className="Pagination__inner"
  >
    <button
      className="Pagination__button Pagination__button--disabled"
      disabled={true}
      onClick={[Function]}
      type="button"
    >
      &lt;
       Prev
    </button>
     
    <button
      className="Pagination__button"
      onClick={[Function]}
      type="button"
    >
      Next 
      &gt;
    </button>
  </div>
</div>
`;
