// Jest Snapshot v1, https://goo.gl/fbAQLP

exports[`<HackerNewsUser /> should match snapshot when render default 1`] = `""`;

exports[`<HackerNewsUser /> should render user view when information exist 1`] = `
<div
  className="HackerNewsUser"
>
  <table>
    <tbody>
      <tr>
        <td>
          User: 
        </td>
        <td>
          taehwanno
        </td>
      </tr>
      <tr>
        <td>
          Created: 
        </td>
        <td>
          3 years ago
        </td>
      </tr>
      <tr>
        <td>
          Karma: 
        </td>
        <td>
          1234
        </td>
      </tr>
    </tbody>
  </table>
  <div
    className="HackerNewsUser__links"
  >
    <a
      href="https://news.ycombinator.com/submitted?id=taehwanno"
    >
      submissions
    </a>
     | 
    <a
      href="https://news.ycombinator.com/threads?id=taehwanno"
    >
      comments
    </a>
     | 
    <a
      href="https://news.ycombinator.com/favorites?id=taehwanno"
    >
      favorites
    </a>
  </div>
</div>
`;
